[chaesfood.com/index.html]
[backblue.gif]
[fade.gif]
[index.html]
[chaesfood.com/assets/img/logo/favicon.png]
[chaesfood.com/assets/css/all.min.css]
[chaesfood.com/assets/css/fontawesome.min.css]
[chaesfood.com/assets/css/themify-icons.css]
[chaesfood.com/assets/css/owl.carousel.min.css]
[chaesfood.com/assets/css/nice-select.css]
[chaesfood.com/assets/css/jquery.fancybox.min.css]
[chaesfood.com/assets/css/bootstrap.min.css]
[chaesfood.com/assets/css/style.css]
[chaesfood.com/assets/css/responsive.css]
[chaesfood.com/assets/img/daily-specials-ad.pdf]
[chaesfood.com/index-2.html]
[chaesfood.com/assets/img/logo/logo-1.png]
[chaesfood.com/fresh.html]
[chaesfood.com/frozen.html]
[chaesfood.com/dry.html]
[chaesfood.com/about.html]
[chaesfood.com/gallery.html]
[chaesfood.com/contact.html]
[chaesfood.com/employment.html]
[chaesfood.com/assets/img/banner-pic/1.jpg]
[chaesfood.com/assets/img/banner-pic/2.jpg]
[chaesfood.com/assets/img/banner-pic/3.jpg]
[chaesfood.com/assets/img/banner-pic/4.jpg]
[chaesfood.com/assets/img/banner-pic/2banner.jpg]
[chaesfood.com/assets/img/banner-pic/middlebanner.jpg]
[chaesfood.com/assets/img/client-pic/client-1.png]
[chaesfood.com/assets/img/client-pic/client-2.png]
[chaesfood.com/assets/img/client-pic/client-3.png]
[chaesfood.com/assets/img/client-pic/client-4.png]
[chaesfood.com/assets/img/client-pic/client-5.png]
[chaesfood.com/assets/img/client-pic/client-6.png]
[chaesfood.com/assets/img/client-pic/client-7.png]
[chaesfood.com/assets/img/client-pic/client-8.png]
[chaesfood.com/assets/img/client-pic/client-9.png]
[chaesfood.com/assets/js/jquery-3.3.1.min.js]
[chaesfood.com/assets/js/bootstrap.min.js]
[chaesfood.com/assets/js/owl.carousel.min.js]
[chaesfood.com/assets/js/jquery.nice-select.js]
[chaesfood.com/assets/js/jquery.fancybox.min.js]
[chaesfood.com/assets/js/popper.min.js]
[chaesfood.com/assets/js/script.js]
[chaesfood.com/index.html]
[chaesfood.com/assets/webfonts/fa-brands-400.eot]
[chaesfood.com/assets/webfonts/fa-brands-400.woff2]
[chaesfood.com/assets/webfonts/fa-brands-400d41d.eot]
[chaesfood.com/assets/webfonts/fa-brands-400.woff]
[chaesfood.com/assets/webfonts/fa-brands-400.ttf]
[chaesfood.com/assets/webfonts/fa-regular-400.eot]
[chaesfood.com/assets/webfonts/fa-regular-400d41d.eot]
[chaesfood.com/assets/webfonts/fa-regular-400.woff2]
[chaesfood.com/assets/webfonts/fa-brands-400.svg]
[chaesfood.com/assets/webfonts/fa-regular-400.woff]
[chaesfood.com/assets/webfonts/fa-regular-400.ttf]
[chaesfood.com/assets/webfonts/fa-regular-400.svg]
[chaesfood.com/assets/webfonts/fa-solid-900.eot]
[chaesfood.com/assets/webfonts/fa-solid-900.woff2]
[chaesfood.com/assets/webfonts/fa-solid-900d41d.eot]
[chaesfood.com/assets/webfonts/fa-solid-900.woff]
[chaesfood.com/assets/webfonts/fa-solid-900.ttf]
[chaesfood.com/assets/css/all.min.css]
[chaesfood.com/assets/css/fontawesome.min.css]
[chaesfood.com/assets/webfonts/fa-solid-900.svg]
[chaesfood.com/assets/fonts/themify9f24.eot]
[chaesfood.com/assets/fonts/themifyd41d.eot]
[chaesfood.com/assets/fonts/themify9f24.woff]
[chaesfood.com/assets/fonts/themify9f24.ttf]
[chaesfood.com/assets/css/themify-icons.css]
[chaesfood.com/assets/fonts/themify9f24.svg]
[chaesfood.com/assets/css/owl.carousel.min.css]
[chaesfood.com/assets/css/nice-select.css]
[chaesfood.com/assets/css/jquery.fancybox.min.css]
[chaesfood.com/assets/css/bootstrap.min.css]
[chaesfood.com/assets/img/banner-pic/hero-background.jpg]
[chaesfood.com/assets/img/order-pic/delivary-back.jpg]
[chaesfood.com/assets/img/testimonials/testimonial-back.jpg]
[chaesfood.com/assets/img/shape.png]
[chaesfood.com/assets/img/banner-pic/blog-page-back.jpg]
[chaesfood.com/assets/img/shape2.png]
[chaesfood.com/assets/img/banner-pic/hero-background2.jpg]
[chaesfood.com/assets/img/counter-bg/conter-background.jpg]
[chaesfood.com/assets/img/banner-pic/background3.jpg]
[chaesfood.com/assets/css/style.css]
[chaesfood.com/assets/css/responsive.css]
[chaesfood.com/index-2.html]
[chaesfood.com/assets/img/banner-pic/a.jpg]
[chaesfood.com/assets/img/product/chicken.jpg]
[chaesfood.com/assets/img/product/pork.jpg]
[chaesfood.com/assets/img/product/beef.jpg]
[chaesfood.com/assets/img/product/egg.jpg]
[chaesfood.com/assets/img/product/cheese.jpg]
[chaesfood.com/assets/img/product/bacon.jpg]
[chaesfood.com/fresh.html]
[chaesfood.com/assets/js/jquery-ui.min.js]
[chaesfood.com/assets/img/product/fries.jpg]
[chaesfood.com/assets/img/product/phillysteak.jpg]
[chaesfood.com/assets/img/product/burger.jpg]
[chaesfood.com/assets/img/product/appetizers.jpg]
[chaesfood.com/frozen.html]
[chaesfood.com/assets/img/product/sauce.jpg]
[chaesfood.com/assets/img/product/oil.jpg]
[chaesfood.com/assets/img/product/flour.jpg]
[chaesfood.com/assets/img/product/dry.jpg]
[chaesfood.com/assets/img/product/liquid.jpg]
[chaesfood.com/dry.html]
[chaesfood.com/assets/img/about/about-pic.jpg]
[chaesfood.com/assets/img/Asset.png]
[chaesfood.com/about.html]
[netdna.bootstrapcdn.com/bootstrap/3.0.0/css/bootstrap.min.css]
[netdna.bootstrapcdn.com/bootstrap/3.0.0/js/bootstrap.min.js]
[code.jquery.com/jquery-1.11.1.min.js]
[maxcdn.bootstrapcdn.com/font-awesome/4.2.0/css/font-awesome.min.css]
[cdn.jsdelivr.net/npm/@fancyapps/fancybox@3.5.6/dist/jquery.fancybox.min.css]
[cdnjs.cloudflare.com/ajax/libs/jquery/3.3.1/jquery.min.js]
[cdn.jsdelivr.net/npm/@fancyapps/fancybox@3.5.6/dist/jquery.fancybox.min.js]
[chaesfood.com/assets/img/gallery/9.jpg]
[chaesfood.com/assets/img/gallery/10.jpg]
[chaesfood.com/assets/img/gallery/13.jpg]
[chaesfood.com/assets/img/gallery/14.jpg]
[chaesfood.com/assets/img/gallery/15.jpg]
[chaesfood.com/assets/img/gallery/16.jpg]
[chaesfood.com/assets/img/gallery/17.jpg]
[chaesfood.com/assets/img/gallery/18.jpg]
[chaesfood.com/assets/img/gallery/19.jpg]
[chaesfood.com/assets/img/gallery/20.jpg]
[chaesfood.com/assets/img/gallery/21.jpg]
[chaesfood.com/assets/img/gallery/22.jpg]
[chaesfood.com/assets/img/gallery/23.jpg]
[chaesfood.com/assets/img/gallery/24.jpg]
[chaesfood.com/assets/img/gallery/25.jpg]
[chaesfood.com/assets/img/gallery/26.jpg]
[chaesfood.com/assets/img/gallery/1.jpg]
[chaesfood.com/assets/img/gallery/2.jpg]
[chaesfood.com/assets/img/gallery/3.jpg]
[chaesfood.com/assets/img/gallery/4.jpg]
[chaesfood.com/assets/img/gallery/5.jpg]
[chaesfood.com/assets/img/gallery/6.jpg]
[chaesfood.com/assets/img/gallery/7.jpg]
[chaesfood.com/assets/img/gallery/8.jpg]
[chaesfood.com/gallery.html]
[chaesfood.com/assets/img/banner-pic/contact.jpg]
[chaesfood.com/contact.html]
[chaesfood.com/assets/img/banner-pic/employment.jpg]
[chaesfood.com/employment.html]
[chaesfood.com/assets/webfonts/fa-brands-400.svg]
[chaesfood.com/assets/webfonts/fa-regular-400.svg]
[chaesfood.com/assets/webfonts/fa-solid-900.svg]
[chaesfood.com/assets/fonts/themify9f24.svg]
[chaesfood.com/assets/css/owl.video.play.html]
[netdna.bootstrapcdn.com/bootstrap/3.0.0/css/bootstrap.min.css]
[maxcdn.bootstrapcdn.com/font-awesome/4.2.0/css/font-awesome.min.css]
[cdn.jsdelivr.net/npm/@fancyapps/fancybox@3.5.6/dist/jquery.fancybox.min.css]
[chaesfood.com/js/script.html]
